[INFO] Scanning for projects...
[INFO] 
[INFO] -------------------< com.vippro:AuthorizationServer >-------------------
[INFO] Building AuthorizationServer 0.0.1-SNAPSHOT
[INFO]   from pom.xml
[INFO] --------------------------------[ jar ]---------------------------------
[INFO] 
[INFO] >>> spring-boot:3.5.6:run (default-cli) > test-compile @ AuthorizationServer >>>
[INFO] 
[INFO] --- resources:3.3.1:resources (default-resources) @ AuthorizationServer ---
[INFO] Copying 1 resource from src/main/resources to target/classes
[INFO] Copying 3 resources from src/main/resources to target/classes
[INFO] 
[INFO] --- compiler:3.14.0:compile (default-compile) @ AuthorizationServer ---
[INFO] Nothing to compile - all classes are up to date.
[INFO] 
[INFO] --- resources:3.3.1:testResources (default-testResources) @ AuthorizationServer ---
[INFO] skip non existing resourceDirectory /teamspace/studios/this_studio/VolunteerHub/AuthorizationServer/src/test/resources
[INFO] 
[INFO] --- compiler:3.14.0:testCompile (default-testCompile) @ AuthorizationServer ---
[INFO] Nothing to compile - all classes are up to date.
[INFO] 
[INFO] <<< spring-boot:3.5.6:run (default-cli) < test-compile @ AuthorizationServer <<<
[INFO] 
[INFO] 
[INFO] --- spring-boot:3.5.6:run (default-cli) @ AuthorizationServer ---
[INFO] Attaching agents: []

  .   ____          _            __ _ _
 /\\ / ___'_ __ _ _(_)_ __  __ _ \ \ \ \
( ( )\___ | '_ | '_| | '_ \/ _` | \ \ \ \
 \\/  ___)| |_)| | | | | || (_| |  ) ) ) )
  '  |____| .__|_| |_|_| |_\__, | / / / /
 =========|_|==============|___/=/_/_/_/

 :: Spring Boot ::                (v3.5.6)

2026-04-28T10:06:26.750+07:00  INFO 29669 --- [AuthorizationServer] [           main] c.v.A.AuthorizationServerApplication     : Starting AuthorizationServerApplication using Java 21.0.10 with PID 29669 (/teamspace/studios/this_studio/VolunteerHub/AuthorizationServer/target/classes started by zeus in /teamspace/studios/this_studio/VolunteerHub/AuthorizationServer)
2026-04-28T10:06:26.765+07:00  INFO 29669 --- [AuthorizationServer] [           main] c.v.A.AuthorizationServerApplication     : No active profile set, falling back to 1 default profile: "default"
2026-04-28T10:06:33.921+07:00  INFO 29669 --- [AuthorizationServer] [           main] .s.d.r.c.RepositoryConfigurationDelegate : Bootstrapping Spring Data JPA repositories in DEFAULT mode.
2026-04-28T10:06:34.464+07:00  INFO 29669 --- [AuthorizationServer] [           main] .s.d.r.c.RepositoryConfigurationDelegate : Finished Spring Data repository scanning in 482 ms. Found 1 JPA repository interface.
2026-04-28T10:06:39.742+07:00  INFO 29669 --- [AuthorizationServer] [           main] o.s.b.w.embedded.tomcat.TomcatWebServer  : Tomcat initialized with port 7070 (http)
2026-04-28T10:06:39.854+07:00  INFO 29669 --- [AuthorizationServer] [           main] o.apache.catalina.core.StandardService   : Starting service [Tomcat]
2026-04-28T10:06:39.856+07:00  INFO 29669 --- [AuthorizationServer] [           main] o.apache.catalina.core.StandardEngine    : Starting Servlet engine: [Apache Tomcat/10.1.46]
2026-04-28T10:06:40.325+07:00  INFO 29669 --- [AuthorizationServer] [           main] o.a.c.c.C.[Tomcat].[localhost].[/]       : Initializing Spring embedded WebApplicationContext
2026-04-28T10:06:40.338+07:00  INFO 29669 --- [AuthorizationServer] [           main] w.s.c.ServletWebServerApplicationContext : Root WebApplicationContext: initialization completed in 13131 ms
2026-04-28T10:06:41.514+07:00  INFO 29669 --- [AuthorizationServer] [           main] o.hibernate.jpa.internal.util.LogHelper  : HHH000204: Processing PersistenceUnitInfo [name: default]
2026-04-28T10:06:41.986+07:00  INFO 29669 --- [AuthorizationServer] [           main] org.hibernate.Version                    : HHH000412: Hibernate ORM core version 6.6.29.Final
2026-04-28T10:06:42.172+07:00  INFO 29669 --- [AuthorizationServer] [           main] o.h.c.internal.RegionFactoryInitiator    : HHH000026: Second-level cache disabled
2026-04-28T10:06:44.006+07:00  INFO 29669 --- [AuthorizationServer] [           main] o.s.o.j.p.SpringPersistenceUnitInfo      : No LoadTimeWeaver setup: ignoring JPA class transformer
2026-04-28T10:06:44.232+07:00  INFO 29669 --- [AuthorizationServer] [           main] com.zaxxer.hikari.HikariDataSource       : HikariPool-1 - Starting...
2026-04-28T10:06:45.215+07:00  INFO 29669 --- [AuthorizationServer] [           main] com.zaxxer.hikari.pool.HikariPool        : HikariPool-1 - Added connection org.postgresql.jdbc.PgConnection@38e00b47
2026-04-28T10:06:45.227+07:00  INFO 29669 --- [AuthorizationServer] [           main] com.zaxxer.hikari.HikariDataSource       : HikariPool-1 - Start completed.
2026-04-28T10:06:45.553+07:00  WARN 29669 --- [AuthorizationServer] [           main] org.hibernate.orm.deprecation            : HHH90000025: PostgreSQLDialect does not need to be specified explicitly using 'hibernate.dialect' (remove the property setting and it will be selected by default)
2026-04-28T10:06:45.646+07:00  INFO 29669 --- [AuthorizationServer] [           main] org.hibernate.orm.connections.pooling    : HHH10001005: Database info:
	Database JDBC URL [Connecting through datasource 'HikariDataSource (HikariPool-1)']
	Database driver: undefined/unknown
	Database version: 16.13
	Autocommit mode: undefined/unknown
	Isolation level: undefined/unknown
	Minimum pool size: undefined/unknown
	Maximum pool size: undefined/unknown
2026-04-28T10:06:51.322+07:00  INFO 29669 --- [AuthorizationServer] [           main] o.h.e.t.j.p.i.JtaPlatformInitiator       : HHH000489: No JTA platform available (set 'hibernate.transaction.jta.platform' to enable JTA platform integration)
Hibernate: 
    create table users (
        id uuid not null,
        created_at timestamp(6) not null,
        email varchar(255) not null,
        name varchar(255) not null,
        password_hash varchar(255) not null,
        roles varchar(255) not null check (roles in ('USER','ADMIN','MANAGER')),
        updated_at timestamp(6),
        username varchar(255) not null,
        primary key (id)
    )
Hibernate: 
    alter table if exists users 
       drop constraint if exists UK6dotkott2kjsp8vw4d0m25fb7
2026-04-28T10:06:51.640+07:00  WARN 29669 --- [AuthorizationServer] [           main] o.h.engine.jdbc.spi.SqlExceptionHelper   : SQL Warning Code: 0, SQLState: 00000
2026-04-28T10:06:51.640+07:00  WARN 29669 --- [AuthorizationServer] [           main] o.h.engine.jdbc.spi.SqlExceptionHelper   : constraint "uk6dotkott2kjsp8vw4d0m25fb7" of relation "users" does not exist, skipping
Hibernate: 
    alter table if exists users 
       add constraint UK6dotkott2kjsp8vw4d0m25fb7 unique (email)
Hibernate: 
    alter table if exists users 
       drop constraint if exists UKr43af9ap4edm43mmtq01oddj6
2026-04-28T10:06:51.665+07:00  WARN 29669 --- [AuthorizationServer] [           main] o.h.engine.jdbc.spi.SqlExceptionHelper   : SQL Warning Code: 0, SQLState: 00000
2026-04-28T10:06:51.665+07:00  WARN 29669 --- [AuthorizationServer] [           main] o.h.engine.jdbc.spi.SqlExceptionHelper   : constraint "ukr43af9ap4edm43mmtq01oddj6" of relation "users" does not exist, skipping
Hibernate: 
    alter table if exists users 
       add constraint UKr43af9ap4edm43mmtq01oddj6 unique (username)
2026-04-28T10:06:51.677+07:00  INFO 29669 --- [AuthorizationServer] [           main] j.LocalContainerEntityManagerFactoryBean : Initialized JPA EntityManagerFactory for persistence unit 'default'
2026-04-28T10:06:54.283+07:00  WARN 29669 --- [AuthorizationServer] [           main] JpaBaseConfiguration$JpaWebConfiguration : spring.jpa.open-in-view is enabled by default. Therefore, database queries may be performed during view rendering. Explicitly configure spring.jpa.open-in-view to disable this warning
2026-04-28T10:06:54.587+07:00  INFO 29669 --- [AuthorizationServer] [           main] eAuthenticationProviderManagerConfigurer : Global AuthenticationManager configured with AuthenticationProvider bean with name authenticationProvider
2026-04-28T10:06:54.588+07:00  WARN 29669 --- [AuthorizationServer] [           main] r$InitializeUserDetailsManagerConfigurer : Global AuthenticationManager configured with an AuthenticationProvider bean. UserDetailsService beans will not be used by Spring Security for automatically configuring username/password login. Consider removing the AuthenticationProvider bean. Alternatively, consider using the UserDetailsService in a manually instantiated DaoAuthenticationProvider. If the current configuration is intentional, to turn off this warning, increase the logging level of 'org.springframework.security.config.annotation.authentication.configuration.InitializeUserDetailsBeanManagerConfigurer' to ERROR
2026-04-28T10:06:59.090+07:00  INFO 29669 --- [AuthorizationServer] [           main] o.s.b.w.embedded.tomcat.TomcatWebServer  : Tomcat started on port 7070 (http) with context path '/'
2026-04-28T10:06:59.128+07:00  INFO 29669 --- [AuthorizationServer] [           main] c.v.A.AuthorizationServerApplication     : Started AuthorizationServerApplication in 36.191 seconds (process running for 39.718)
2026-04-28T10:09:04.992+07:00  INFO 29669 --- [AuthorizationServer] [0.0-7070-exec-1] o.a.c.c.C.[Tomcat].[localhost].[/]       : Initializing Spring DispatcherServlet 'dispatcherServlet'
2026-04-28T10:09:04.992+07:00  INFO 29669 --- [AuthorizationServer] [0.0-7070-exec-1] o.s.web.servlet.DispatcherServlet        : Initializing Servlet 'dispatcherServlet'
2026-04-28T10:09:04.994+07:00  INFO 29669 --- [AuthorizationServer] [0.0-7070-exec-1] o.s.web.servlet.DispatcherServlet        : Completed initialization in 2 ms
Hibernate: 
    select
        u1_0.id,
        u1_0.created_at,
        u1_0.email,
        u1_0.name,
        u1_0.password_hash,
        u1_0.roles,
        u1_0.updated_at,
        u1_0.username 
    from
        users u1_0 
    where
        u1_0.username=?
Hibernate: 
    select
        u1_0.id,
        u1_0.created_at,
        u1_0.email,
        u1_0.name,
        u1_0.password_hash,
        u1_0.roles,
        u1_0.updated_at,
        u1_0.username 
    from
        users u1_0 
    where
        u1_0.email=?
Hibernate: 
    insert 
    into
        users
        (created_at, email, name, password_hash, roles, updated_at, username, id) 
    values
        (?, ?, ?, ?, ?, ?, ?, ?)
Hibernate: 
    select
        u1_0.id,
        u1_0.created_at,
        u1_0.email,
        u1_0.name,
        u1_0.password_hash,
        u1_0.roles,
        u1_0.updated_at,
        u1_0.username 
    from
        users u1_0 
    where
        u1_0.username=?
Hibernate: 
    select
        u1_0.id,
        u1_0.created_at,
        u1_0.email,
        u1_0.name,
        u1_0.password_hash,
        u1_0.roles,
        u1_0.updated_at,
        u1_0.username 
    from
        users u1_0 
    where
        u1_0.username=?
Hibernate: 
    select
        u1_0.id,
        u1_0.created_at,
        u1_0.email,
        u1_0.name,
        u1_0.password_hash,
        u1_0.roles,
        u1_0.updated_at,
        u1_0.username 
    from
        users u1_0 
    where
        u1_0.email=?
Hibernate: 
    insert 
    into
        users
        (created_at, email, name, password_hash, roles, updated_at, username, id) 
    values
        (?, ?, ?, ?, ?, ?, ?, ?)
Hibernate: 
    select
        u1_0.id,
        u1_0.created_at,
        u1_0.email,
        u1_0.name,
        u1_0.password_hash,
        u1_0.roles,
        u1_0.updated_at,
        u1_0.username 
    from
        users u1_0 
    where
        u1_0.username=?
Hibernate: 
    select
        u1_0.id,
        u1_0.created_at,
        u1_0.email,
        u1_0.name,
        u1_0.password_hash,
        u1_0.roles,
        u1_0.updated_at,
        u1_0.username 
    from
        users u1_0 
    where
        u1_0.username=?
Hibernate: 
    select
        u1_0.id,
        u1_0.created_at,
        u1_0.email,
        u1_0.name,
        u1_0.password_hash,
        u1_0.roles,
        u1_0.updated_at,
        u1_0.username 
    from
        users u1_0 
    where
        u1_0.username=?
Hibernate: 
    select
        u1_0.id,
        u1_0.created_at,
        u1_0.email,
        u1_0.name,
        u1_0.password_hash,
        u1_0.roles,
        u1_0.updated_at,
        u1_0.username 
    from
        users u1_0 
    where
        u1_0.username=?
