[INFO] Scanning for projects...
[INFO] 
[INFO] ----------------< com.volunteerhub:NotificationService >----------------
[INFO] Building NotificationService 0.0.1-SNAPSHOT
[INFO]   from pom.xml
[INFO] --------------------------------[ jar ]---------------------------------
[INFO] 
[INFO] >>> spring-boot:3.5.7:run (default-cli) > test-compile @ NotificationService >>>
[INFO] 
[INFO] --- resources:3.3.1:resources (default-resources) @ NotificationService ---
[INFO] Copying 1 resource from src/main/resources to target/classes
[INFO] Copying 0 resource from src/main/resources to target/classes
[INFO] 
[INFO] --- compiler:3.14.1:compile (default-compile) @ NotificationService ---
[INFO] Nothing to compile - all classes are up to date.
[INFO] 
[INFO] --- resources:3.3.1:testResources (default-testResources) @ NotificationService ---
[INFO] skip non existing resourceDirectory /teamspace/studios/this_studio/VolunteerHub/NotificationService/src/test/resources
[INFO] 
[INFO] --- compiler:3.14.1:testCompile (default-testCompile) @ NotificationService ---
[INFO] Nothing to compile - all classes are up to date.
[INFO] 
[INFO] <<< spring-boot:3.5.7:run (default-cli) < test-compile @ NotificationService <<<
[INFO] 
[INFO] 
[INFO] --- spring-boot:3.5.7:run (default-cli) @ NotificationService ---
[INFO] Attaching agents: []

  .   ____          _            __ _ _
 /\\ / ___'_ __ _ _(_)_ __  __ _ \ \ \ \
( ( )\___ | '_ | '_| | '_ \/ _` | \ \ \ \
 \\/  ___)| |_)| | | | | || (_| |  ) ) ) )
  '  |____| .__|_| |_|_| |_\__, | / / / /
 =========|_|==============|___/=/_/_/_/

 :: Spring Boot ::                (v3.5.7)

2026-04-28T10:06:32.158+07:00  INFO 29931 --- [NotificationService] [           main] c.v.n.NotificationServiceApplication     : Starting NotificationServiceApplication using Java 21.0.10 with PID 29931 (/teamspace/studios/this_studio/VolunteerHub/NotificationService/target/classes started by zeus in /teamspace/studios/this_studio/VolunteerHub/NotificationService)
2026-04-28T10:06:32.172+07:00  INFO 29931 --- [NotificationService] [           main] c.v.n.NotificationServiceApplication     : No active profile set, falling back to 1 default profile: "default"
2026-04-28T10:06:40.364+07:00  INFO 29931 --- [NotificationService] [           main] .s.d.r.c.RepositoryConfigurationDelegate : Bootstrapping Spring Data JPA repositories in DEFAULT mode.
2026-04-28T10:06:41.473+07:00  INFO 29931 --- [NotificationService] [           main] .s.d.r.c.RepositoryConfigurationDelegate : Finished Spring Data repository scanning in 1061 ms. Found 2 JPA repository interfaces.
2026-04-28T10:06:44.013+07:00  INFO 29931 --- [NotificationService] [           main] o.s.cloud.context.scope.GenericScope     : BeanFactory id=fb67bd25-76bd-37d0-beb7-ca66668a2739
2026-04-28T10:06:47.709+07:00  INFO 29931 --- [NotificationService] [           main] o.s.b.w.embedded.tomcat.TomcatWebServer  : Tomcat initialized with port 8085 (http)
2026-04-28T10:06:47.830+07:00  INFO 29931 --- [NotificationService] [           main] o.apache.catalina.core.StandardService   : Starting service [Tomcat]
2026-04-28T10:06:47.841+07:00  INFO 29931 --- [NotificationService] [           main] o.apache.catalina.core.StandardEngine    : Starting Servlet engine: [Apache Tomcat/10.1.48]
2026-04-28T10:06:48.358+07:00  INFO 29931 --- [NotificationService] [           main] o.a.c.c.C.[Tomcat].[localhost].[/]       : Initializing Spring embedded WebApplicationContext
2026-04-28T10:06:48.365+07:00  INFO 29931 --- [NotificationService] [           main] w.s.c.ServletWebServerApplicationContext : Root WebApplicationContext: initialization completed in 15549 ms
2026-04-28T10:06:49.792+07:00  INFO 29931 --- [NotificationService] [           main] o.hibernate.jpa.internal.util.LogHelper  : HHH000204: Processing PersistenceUnitInfo [name: default]
2026-04-28T10:06:50.111+07:00  INFO 29931 --- [NotificationService] [           main] org.hibernate.Version                    : HHH000412: Hibernate ORM core version 6.6.33.Final
2026-04-28T10:06:50.306+07:00  INFO 29931 --- [NotificationService] [           main] o.h.c.internal.RegionFactoryInitiator    : HHH000026: Second-level cache disabled
2026-04-28T10:06:52.465+07:00  INFO 29931 --- [NotificationService] [           main] o.s.o.j.p.SpringPersistenceUnitInfo      : No LoadTimeWeaver setup: ignoring JPA class transformer
2026-04-28T10:06:52.677+07:00  INFO 29931 --- [NotificationService] [           main] com.zaxxer.hikari.HikariDataSource       : HikariPool-1 - Starting...
2026-04-28T10:06:53.614+07:00  INFO 29931 --- [NotificationService] [           main] com.zaxxer.hikari.pool.HikariPool        : HikariPool-1 - Added connection org.postgresql.jdbc.PgConnection@5e05a706
2026-04-28T10:06:53.617+07:00  INFO 29931 --- [NotificationService] [           main] com.zaxxer.hikari.HikariDataSource       : HikariPool-1 - Start completed.
2026-04-28T10:06:53.703+07:00  WARN 29931 --- [NotificationService] [           main] org.hibernate.orm.deprecation            : HHH90000025: PostgreSQLDialect does not need to be specified explicitly using 'hibernate.dialect' (remove the property setting and it will be selected by default)
2026-04-28T10:06:53.837+07:00  INFO 29931 --- [NotificationService] [           main] org.hibernate.orm.connections.pooling    : HHH10001005: Database info:
	Database JDBC URL [Connecting through datasource 'HikariDataSource (HikariPool-1)']
	Database driver: undefined/unknown
	Database version: 16.13
	Autocommit mode: undefined/unknown
	Isolation level: undefined/unknown
	Minimum pool size: undefined/unknown
	Maximum pool size: undefined/unknown
2026-04-28T10:06:58.624+07:00  INFO 29931 --- [NotificationService] [           main] o.h.e.t.j.p.i.JtaPlatformInitiator       : HHH000489: No JTA platform available (set 'hibernate.transaction.jta.platform' to enable JTA platform integration)
Hibernate: 
    create table notification (
        id bigint generated by default as identity,
        actor_id varchar(255) not null,
        context_id bigint,
        created_at timestamp(6) not null,
        is_read boolean not null,
        payload jsonb,
        type varchar(255) not null check (type in ('EVENT_REQUESTED','EVENT_APPROVED','EVENT_REJECTED','EVENT_DELETED','EVENT_UPDATED','USER_EVENT_REQUESTED','USER_EVENT_APPROVED','USER_EVENT_REJECTED','USER_EVENT_COMPLETED','POST_CREATED','POST_UPDATED','REACTION','COMMENT','USER_ACTIVE','USER_BANNED')),
        user_id varchar(255) not null,
        primary key (id)
    )
Hibernate: 
    create table subscriptions (
        id bigint generated by default as identity,
        endpoint varchar(2048) not null,
        auth varchar(255),
        p256dh varchar(255),
        user_id varchar(255),
        primary key (id)
    )
Hibernate: 
    create index idx_notification_user_id 
       on notification (user_id)
Hibernate: 
    alter table if exists subscriptions 
       drop constraint if exists UKljxkq0ssso4jkogtryl46go0w
2026-04-28T10:06:58.876+07:00  WARN 29931 --- [NotificationService] [           main] o.h.engine.jdbc.spi.SqlExceptionHelper   : SQL Warning Code: 0, SQLState: 00000
2026-04-28T10:06:58.879+07:00  WARN 29931 --- [NotificationService] [           main] o.h.engine.jdbc.spi.SqlExceptionHelper   : constraint "ukljxkq0ssso4jkogtryl46go0w" of relation "subscriptions" does not exist, skipping
Hibernate: 
    alter table if exists subscriptions 
       add constraint UKljxkq0ssso4jkogtryl46go0w unique (endpoint)
2026-04-28T10:06:58.894+07:00  INFO 29931 --- [NotificationService] [           main] j.LocalContainerEntityManagerFactoryBean : Initialized JPA EntityManagerFactory for persistence unit 'default'
2026-04-28T10:07:00.434+07:00  WARN 29931 --- [NotificationService] [           main] JpaBaseConfiguration$JpaWebConfiguration : spring.jpa.open-in-view is enabled by default. Therefore, database queries may be performed during view rendering. Explicitly configure spring.jpa.open-in-view to disable this warning
2026-04-28T10:07:00.842+07:00  INFO 29931 --- [NotificationService] [           main] o.s.c.openfeign.FeignClientFactoryBean   : For 'USERSERVICE' URL not provided. Will try picking an instance via load-balancing.
2026-04-28T10:07:01.003+07:00  INFO 29931 --- [NotificationService] [           main] o.s.c.openfeign.FeignClientFactoryBean   : For 'REGISTRATIONSERVICE' URL not provided. Will try picking an instance via load-balancing.
2026-04-28T10:07:01.168+07:00  INFO 29931 --- [NotificationService] [           main] c.v.n.service.WebPushService             : Initializing WebPushService...
2026-04-28T10:07:02.015+07:00  INFO 29931 --- [NotificationService] [           main] c.v.n.service.WebPushService             : WebPushService initialized successfully
2026-04-28T10:07:02.015+07:00  INFO 29931 --- [NotificationService] [           main] c.v.n.service.WebPushService             : VAPID Subject: admin@gmail.com
2026-04-28T10:07:02.016+07:00  INFO 29931 --- [NotificationService] [           main] c.v.n.service.WebPushService             : Public Key (first 20 chars): BOnrlujfRMG5ucNlTsPa
2026-04-28T10:07:03.158+07:00  WARN 29931 --- [NotificationService] [           main] .s.s.UserDetailsServiceAutoConfiguration : 

Using generated security password: bf9b7d43-b234-426b-bf0d-bba59ff3bc48

This generated password is for development use only. Your security configuration must be updated before running your application in production.

2026-04-28T10:07:03.184+07:00  INFO 29931 --- [NotificationService] [           main] r$InitializeUserDetailsManagerConfigurer : Global AuthenticationManager configured with UserDetailsService bean with name inMemoryUserDetailsManager
2026-04-28T10:07:04.881+07:00  INFO 29931 --- [NotificationService] [           main] DiscoveryClientOptionalArgsConfiguration : Eureka HTTP Client uses RestTemplate.
2026-04-28T10:07:04.946+07:00  WARN 29931 --- [NotificationService] [           main] iguration$LoadBalancerCaffeineWarnLogger : Spring Cloud LoadBalancer is currently working with the default cache. While this cache implementation is useful for development and tests, it's recommended to use Caffeine cache in production.You can switch to using Caffeine cache, by adding it and org.springframework.cache.caffeine.CaffeineCacheManager to the classpath.
2026-04-28T10:07:05.113+07:00  INFO 29931 --- [NotificationService] [           main] o.s.c.n.eureka.InstanceInfoFactory       : Setting initial instance status as: STARTING
2026-04-28T10:07:05.196+07:00  INFO 29931 --- [NotificationService] [           main] com.netflix.discovery.DiscoveryClient    : Initializing Eureka in region us-east-1
2026-04-28T10:07:05.212+07:00  INFO 29931 --- [NotificationService] [           main] c.n.d.s.r.aws.ConfigClusterResolver      : Resolving eureka endpoints via configuration
2026-04-28T10:07:05.244+07:00  INFO 29931 --- [NotificationService] [           main] com.netflix.discovery.DiscoveryClient    : Disable delta property : false
2026-04-28T10:07:05.246+07:00  INFO 29931 --- [NotificationService] [           main] com.netflix.discovery.DiscoveryClient    : Single vip registry refresh property : null
2026-04-28T10:07:05.247+07:00  INFO 29931 --- [NotificationService] [           main] com.netflix.discovery.DiscoveryClient    : Force full registry fetch : false
2026-04-28T10:07:05.248+07:00  INFO 29931 --- [NotificationService] [           main] com.netflix.discovery.DiscoveryClient    : Application is null : false
2026-04-28T10:07:05.249+07:00  INFO 29931 --- [NotificationService] [           main] com.netflix.discovery.DiscoveryClient    : Registered Applications size is zero : true
2026-04-28T10:07:05.250+07:00  INFO 29931 --- [NotificationService] [           main] com.netflix.discovery.DiscoveryClient    : Application version is -1: true
2026-04-28T10:07:05.251+07:00  INFO 29931 --- [NotificationService] [           main] com.netflix.discovery.DiscoveryClient    : Getting all instance registry info from the eureka server
2026-04-28T10:07:06.313+07:00  INFO 29931 --- [NotificationService] [           main] com.netflix.discovery.DiscoveryClient    : The response status is 200
2026-04-28T10:07:06.320+07:00  INFO 29931 --- [NotificationService] [           main] com.netflix.discovery.DiscoveryClient    : Starting heartbeat executor: renew interval is: 30
2026-04-28T10:07:06.328+07:00  INFO 29931 --- [NotificationService] [           main] c.n.discovery.InstanceInfoReplicator     : InstanceInfoReplicator onDemand update allowed rate per min is 4
2026-04-28T10:07:06.335+07:00  INFO 29931 --- [NotificationService] [           main] com.netflix.discovery.DiscoveryClient    : Discovery Client initialized at timestamp 1777345626333 with initial instances count: 2
2026-04-28T10:07:06.345+07:00  INFO 29931 --- [NotificationService] [           main] o.s.c.n.e.s.EurekaServiceRegistry        : Registering application NOTIFICATIONSERVICE with eureka with status UP
2026-04-28T10:07:06.349+07:00  INFO 29931 --- [NotificationService] [           main] com.netflix.discovery.DiscoveryClient    : Saw local status change event StatusChangeEvent [timestamp=1777345626349, current=UP, previous=STARTING]
2026-04-28T10:07:06.353+07:00  INFO 29931 --- [NotificationService] [foReplicator-%d] com.netflix.discovery.DiscoveryClient    : DiscoveryClient_NOTIFICATIONSERVICE/cs-01kq8ze0t4jwfstbpqzrhypf2w.us-central1-c.c.lightning-ai-prod.internal:NotificationService:8085: registering service...
2026-04-28T10:07:06.406+07:00  INFO 29931 --- [NotificationService] [           main] o.s.b.w.embedded.tomcat.TomcatWebServer  : Tomcat started on port 8085 (http) with context path '/'
2026-04-28T10:07:06.410+07:00  INFO 29931 --- [NotificationService] [           main] .s.c.n.e.s.EurekaAutoServiceRegistration : Updating port to 8085
2026-04-28T10:07:06.467+07:00  INFO 29931 --- [NotificationService] [           main] o.s.a.r.c.CachingConnectionFactory       : Attempting to connect to: [localhost:5672]
2026-04-28T10:07:06.576+07:00  INFO 29931 --- [NotificationService] [foReplicator-%d] com.netflix.discovery.DiscoveryClient    : DiscoveryClient_NOTIFICATIONSERVICE/cs-01kq8ze0t4jwfstbpqzrhypf2w.us-central1-c.c.lightning-ai-prod.internal:NotificationService:8085 - registration status: 204
2026-04-28T10:07:06.614+07:00  INFO 29931 --- [NotificationService] [           main] o.s.a.r.c.CachingConnectionFactory       : Created new connection: rabbitConnectionFactory#168ffb0:0/SimpleConnection@21eb33d4 [delegate=amqp://guest@127.0.0.1:5672/, localPort=50546]
2026-04-28T10:07:06.916+07:00  INFO 29931 --- [NotificationService] [           main] c.v.n.NotificationServiceApplication     : Started NotificationServiceApplication in 39.495 seconds (process running for 43.521)
2026-04-28T10:12:05.257+07:00  INFO 29931 --- [NotificationService] [rap-executor-%d] c.n.d.s.r.aws.ConfigClusterResolver      : Resolving eureka endpoints via configuration
2026-04-28T10:17:05.258+07:00  INFO 29931 --- [NotificationService] [rap-executor-%d] c.n.d.s.r.aws.ConfigClusterResolver      : Resolving eureka endpoints via configuration
